Switch(config)#interface GigabitEthernet 0/1.2
                                           ^
% Invalid input detected at '^' marker.
	
Switch(config)#








Switch con0 is now available






Press RETURN to get started.













Switch>enable
Switch#
Switch#configure terminal
Enter configuration commands, one per line.  End with CNTL/Z.
Switch(config)#interface FastEthernet0/1
Switch(config-if)#
Switch(config-if)#exit
Switch(config)#interface FastEthernet0/2
Switch(config-if)#
Switch(config-if)#exit
Switch(config)#interface FastEthernet0/3
Switch(config-if)#
Switch(config-if)#exit
Switch(config)#interface FastEthernet0/4
Switch(config-if)#
Switch(config-if)#exit
Switch(config)#interface FastEthernet0/5
Switch(config-if)#
Switch(config-if)#exit
Switch(config)#interface FastEthernet0/6
Switch(config-if)#
Switch(config-if)#exit
Switch(config)#interface FastEthernet0/7
Switch(config-if)#
Switch(config-if)#exit
Switch(config)#interface FastEthernet0/24
Switch(config-if)#
Switch(config-if)#exit
Switch(config)#interface FastEthernet0/24
Switch(config-if)#
Switch(config-if)#exit
Switch(config)#
Switch(config)#








Switch con0 is now available






Press RETURN to get started.













Switch>en
Switch#show run
Building configuration...

Current configuration : 1309 bytes
!
version 15.0
no service timestamps log datetime msec
no service timestamps debug datetime msec
no service password-encryption
!
hostname Switch
!
!
!
!
!
!
spanning-tree mode pvst
spanning-tree extend system-id
!
interface FastEthernet0/1
 switchport access vlan 2
!
interface FastEthernet0/2
 switchport access vlan 2
!
interface FastEthernet0/3
 switchport access vlan 3
!
interface FastEthernet0/4
 switchport access vlan 3
!
interface FastEthernet0/5
 switchport access vlan 4
!
interface FastEthernet0/6
 switchport access vlan 4
!
interface FastEthernet0/7
!
interface FastEthernet0/8
!
interface FastEthernet0/9
!
interface FastEthernet0/10
!
interface FastEthernet0/11
!
interface FastEthernet0/12
!
interface FastEthernet0/13
!
interface FastEthernet0/14
!
interface FastEthernet0/15
!
interface FastEthernet0/16
!
interface FastEthernet0/17
!
interface FastEthernet0/18
!
interface FastEthernet0/19
!
interface FastEthernet0/20
!
interface FastEthernet0/21
!
interface FastEthernet0/22
!
interface FastEthernet0/23
!
interface FastEthernet0/24
 switchport access vlan 5
!
interface GigabitEthernet0/1
 switchport mode trunk
!
interface GigabitEthernet0/2
 switchport mode access
!
interface Vlan1
 no ip address
 shutdown
!
!
!
!
line con 0
!
line vty 0 4
 login
line vty 5 15
 login
!
!
!
!
end


Switch# 












This product contains cryptographic features and is subject to United
States and local country laws governing import, export, transfer and
use. Delivery of Cisco cryptographic products does not imply
third-party authority to import, export, distribute or use encryption.
Importers, exporters, distributors and users are responsible for
compliance with U.S. and local country laws. By using this product you
agree to comply with applicable laws and regulations. If you are unable
to comply with U.S. and local laws, return this product immediately.

A summary of U.S. laws governing Cisco cryptographic products may be found at:
http://www.cisco.com/wwl/export/crypto/tool/stqrg.html

If you require further assistance please contact us by sending email to
export@cisco.com.

Cisco CISCO2911/K9 (revision 1.0) with 491520K/32768K bytes of memory.
Processor board ID FTX152400KS
3 Gigabit Ethernet interfaces
DRAM configuration is 64 bits wide with parity disabled.
255K bytes of non-volatile configuration memory.
249856K bytes of ATA System CompactFlash 0 (Read/Write)


         --- System Configuration Dialog ---

Would you like to enter the initial configuration dialog? [yes/no]: 

Press RETURN to get started!



Router>enable
Router#
Router#configure terminal
Enter configuration commands, one per line.  End with CNTL/Z.
Router(config)#interface GigabitEthernet0/1
Router(config-if)#no shutdown
Router(config-if)#
%LINK-5-CHANGED: Interface GigabitEthernet0/1, changed state to up

%LINEPROTO-5-UPDOWN: Line protocol on Interface GigabitEthernet0/1, changed state to up

Router(config-if)#








Router con0 is now available






Press RETURN to get started.













Router>en
Router#conf t
Enter configuration commands, one per line.  End with CNTL/Z.
Router(config)#interface G
Router(config)#interface GigabitEthernet0/1.2
Router(config-subif)#
%LINK-5-CHANGED: Interface GigabitEthernet0/1.2, changed state to up

%LINEPROTO-5-UPDOWN: Line protocol on Interface GigabitEthernet0/1.2, changed state to up

Router(config-subif)#
Router(config-subif)#encapsulation dot1Q 2
Router(config-subif)#ip add 192.168.2.254 255.255.255.0
Router(config-subif)#end
Router#
%SYS-5-CONFIG_I: Configured from console by console
en
Router#conf t
Enter configuration commands, one per line.  End with CNTL/Z.
Router(config)#interface GigabitEthernet0/1.3
Router(config-subif)#
%LINK-5-CHANGED: Interface GigabitEthernet0/1.3, changed state to up

%LINEPROTO-5-UPDOWN: Line protocol on Interface GigabitEthernet0/1.3, changed state to up

Router(config-subif)#encapsulation dot1Q 3
Router(config-subif)#ip add 192.168.3.254 255.255.255.0
Router(config-subif)#interface GigabitEthernet0/1.4
Router(config-subif)#
%LINK-5-CHANGED: Interface GigabitEthernet0/1.4, changed state to up

%LINEPROTO-5-UPDOWN: Line protocol on Interface GigabitEthernet0/1.4, changed state to up

Router(config-subif)#encapsulation dot1Q 4
Router(config-subif)#ip add 192.168.4.254 255.255.255.0
Router(config-subif)#interface GigabitEthernet0/1.5
Router(config-subif)#
%LINK-5-CHANGED: Interface GigabitEthernet0/1.5, changed state to up

%LINEPROTO-5-UPDOWN: Line protocol on Interface GigabitEthernet0/1.5, changed state to up

Router(config-subif)#encapsulation dot1Q 5
Router(config-subif)#ip add 192.168.5.254 255.255.255.0
Router(config-subif)#end
Router#
%SYS-5-CONFIG_I: Configured from console by console
en
Router#conf t
Enter configuration commands, one per line.  End with CNTL/Z.
Router(config)#int G
Router(config)#int GigabitEthernet0/1.2 
Router(config-subif)#ip hel
Router(config-subif)#ip he
Router(config-subif)#ip help
Router(config-subif)#ip helper-address 192.168.5.1
Router(config-subif)#exit
Router(config)#int GigabitEthernet0/1.3
Router(config-subif)#ip helper-address 192.168.5.1
Router(config-subif)#exit
Router(config)#int GigabitEthernet0/1.4
Router(config-subif)#ip helper-address 192.168.5.1
Router(config-subif)#exit
Router(config)#
Router(config)#interface GigabitEthernet0/1.24
Router(config-subif)#
%LINK-5-CHANGED: Interface GigabitEthernet0/1.24, changed state to up

%LINEPROTO-5-UPDOWN: Line protocol on Interface GigabitEthernet0/1.24, changed state to up
enca
Router(config-subif)#encapsulation a
Router(config-subif)#encapsulation 
% Incomplete command.
Router(config-subif)#enca
Router(config-subif)#encapsulation  dot
Router(config-subif)#encapsulation  dot1Q 5

%Configuration of multiple subinterfaces of the same main
interface with the same VID (5) is not permitted.
This VID is already configured on GigabitEthernet0/1.5.

Router(config-subif)#interface GigabitEthernet0/1.24
Router(config-subif)#encapsulation  dot1Q 24
Router(config-subif)#ip add 192.168.24.254 255.255.255.0
Router(config-subif)#exit
Router(config)#int GigabitEthernet0/1.24
Router(config-subif)#ip helper-address 192.168.5.1
Router(config-subif)#exid
                        ^
% Invalid input detected at '^' marker.
	
Router(config-subif)#exit
Router(config)#








Router con0 is now available






Press RETURN to get started.













Router>en
Router#showrun
Translating "showrun"...domain server (255.255.255.255)
% Unknown command or computer name, or unable to find computer address

Router#show run
Building configuration...

Current configuration : 1286 bytes
!
version 15.1
no service timestamps log datetime msec
no service timestamps debug datetime msec
no service password-encryption
!
hostname Router
!
!
!
!
!
!
!
!
ip cef
no ipv6 cef
!
!
 --More-- 




Switch>en 
Switch#show run
Building configuration...

Current configuration : 1856 bytes
!
version 15.0
no service timestamps log datetime msec
no service timestamps debug datetime msec
no service password-encryption
!
hostname Switch
!
!
!
ip dhcp pool DIR
 network 192.168.2.0 255.255.255.0
 default-router 192.168.2.254
 dns-server 8.8.8.8
ip dhcp pool CLASS1
 network 192.168.3.0 255.255.255.0
 default-router 192.168.3.254
 dns-server 8.8.8.8
ip dhcp pool CLASS2
 --More-- 






Current configuration : 1471 bytes
!
version 15.1
no service timestamps log datetime msec
no service timestamps debug datetime msec
no service password-encryption
!
hostname Router
!
!
!
!
!
ip dhcp pool DIR
 network 192.168.2.0 255.255.255.0
 default-router 192.168.2.254
 dns-server 8.8.8.8
ip dhcp pool CLASS1
 network 192.168.3.0 255.255.255.0
 default-router 192.168.3.254
 --More-- 





работа №2-----------------------------------------------------------------

agree to comply with applicable laws and regulations. If you are unable
to comply with U.S. and local laws, return this product immediately.

A summary of U.S. laws governing Cisco cryptographic products may be found at:
http://www.cisco.com/wwl/export/crypto/tool/stqrg.html

If you require further assistance please contact us by sending email to
export@cisco.com.

Cisco CISCO2911/K9 (revision 1.0) with 491520K/32768K bytes of memory.
Processor board ID FTX152400KS
3 Gigabit Ethernet interfaces
DRAM configuration is 64 bits wide with parity disabled.
255K bytes of non-volatile configuration memory.
249856K bytes of ATA System CompactFlash 0 (Read/Write)


         --- System Configuration Dialog ---

Would you like to enter the initial configuration dialog? [yes/no]: 

Press RETURN to get started!



Press RETURN to get started!



Press RETURN to get started!



Router>enable
Router#
Router#configure terminal
Enter configuration commands, one per line.  End with CNTL/Z.
Router(config)#interface GigabitEthernet0/1
Router(config-if)#no shutdown
Router(config-if)#
%LINK-5-CHANGED: Interface GigabitEthernet0/1, changed state to up

%LINEPROTO-5-UPDOWN: Line protocol on Interface GigabitEthernet0/1, changed state to up

Router(config-if)#
Router(config-if)#end
Router#vlan database
% Warning: It is recommended to configure VLAN from config mode,
  as VLAN database mode is being deprecated. Please consult user
  documentation for configuring VTP/VLAN in config mode.

Router(vlan)#
%SYS-5-CONFIG_I: Configured from console by console
vlan 2 name 2
VLAN 2 modified:
    Name: 2
Router(vlan)#vlan 3 name 3
VLAN 3 modified:
    Name: 3
Router(vlan)#vlan 4 name 4
VLAN 4 modified:
    Name: 4
Router(vlan)#vlan 5 name 5
VLAN 5 modified:
    Name: 5
Router(vlan)#
Router(vlan)#
Router(vlan)#exit
APPLY completed.
Exiting....
Router#configure terminal
Enter configuration commands, one per line.  End with CNTL/Z.
Router(config)#interface GigabitEthernet0/1
Router(config-if)#
Router(config-if)#exit
Router(config)#interface GigabitEthernet0/0
Router(config-if)#
Router(config-if)#end
Router#vlan database
% Warning: It is recommended to configure VLAN from config mode,
  as VLAN database mode is being deprecated. Please consult user
  documentation for configuring VTP/VLAN in config mode.

Router(vlan)#
%SYS-5-CONFIG_I: Configured from console by console

Router(vlan)#exit
APPLY completed.
Exiting....
Router#vlan database
% Warning: It is recommended to configure VLAN from config mode,
  as VLAN database mode is being deprecated. Please consult user
  documentation for configuring VTP/VLAN in config mode.

Router(vlan)#config t
             ^
% Invalid input detected at '^' marker.
	
Router(vlan)#en
              ^
% Invalid input detected at '^' marker.
	
Router(vlan)#
Router(vlan)#
Router(vlan)#exit
APPLY completed.
Exiting....
Router#configure terminal
Enter configuration commands, one per line.  End with CNTL/Z.
Router(config)#interface GigabitEthernet0/0
Router(config-if)#
Router(config-if)#exit
Router(config)#interface GigabitEthernet0/0
Router(config-if)#
Router(config-if)#exit
Router(config)#interface GigabitEthernet0/1
Router(config-if)#shutdown
Router(config-if)#
%LINK-5-CHANGED: Interface GigabitEthernet0/1, changed state to administratively down

%LINEPROTO-5-UPDOWN: Line protocol on Interface GigabitEthernet0/1, changed state to down

Router(config-if)#int gi0/1.2
Router(config-subif)#config-subit
                     ^
% Invalid input detected at '^' marker.
	
Router(config-subif)#
Router(config-subif)#
Router(config-subif)#
Router(config-subif)#
Router(config-subif)#
Router(config-subif)#end
Router#configure terminal
Enter configuration commands, one per line.  End with CNTL/Z.
Router(config)#interface GigabitEthernet0/1
Router(config-if)#
%SYS-5-CONFIG_I: Configured from console by console
no shutdown
Router(config-if)#
%LINK-5-CHANGED: Interface GigabitEthernet0/1, changed state to up

%LINEPROTO-5-UPDOWN: Line protocol on Interface GigabitEthernet0/1, changed state to up

%LINK-5-CHANGED: Interface GigabitEthernet0/1.2, changed state to up

%LINEPROTO-5-UPDOWN: Line protocol on Interface GigabitEthernet0/1.2, changed state to up

Router(config-if)#int gi0/1.2
Router(config-subif)#enc
Router(config-subif)#encapsulation  dot
Router(config-subif)#encapsulation  dot1Q 2
Router(config-subif)#ip 192.168.17.62 255.255.255.192
                        ^
% Invalid input detected at '^' marker.
	
Router(config-subif)#ip ad 192.168.17.62 255.255.255.192
Router(config-subif)#int gi0/1.3
Router(config-subif)#
%LINK-5-CHANGED: Interface GigabitEthernet0/1.3, changed state to up

%LINEPROTO-5-UPDOWN: Line protocol on Interface GigabitEthernet0/1.3, changed state to up

Router(config-subif)#encapsulation  dot1Q 3
Router(config-subif)#ip ad 192.168.17.126 255.255.255.192
Router(config-subif)#int gi0/1.4
Router(config-subif)#
%LINK-5-CHANGED: Interface GigabitEthernet0/1.4, changed state to up

%LINEPROTO-5-UPDOWN: Line protocol on Interface GigabitEthernet0/1.4, changed state to up

Router(config-subif)#encapsulation  dot1Q 4
Router(config-subif)#ip ad 192.168.17.158 255.255.255.224
Router(config-subif)#int gi0/1.17
Router(config-subif)#
%LINK-5-CHANGED: Interface GigabitEthernet0/1.17, changed state to up

%LINEPROTO-5-UPDOWN: Line protocol on Interface GigabitEthernet0/1.17, changed state to up

Router(config-subif)#encapsulation  dot1Q 17
Router(config-subif)#ip ad 192.168.17.166 255.255.255.248
Router(config-subif)#exit
Router(config)#ip dhcp pool sabnet1
Router(dhcp-config)#network 192.168.17.0 255.255.255.192
Router(dhcp-config)#defo
Router(dhcp-config)#defoult-router 192.168.17.62
                       ^
% Invalid input detected at '^' marker.
	
Router(dhcp-config)#def
Router(dhcp-config)#default-router 192.168.17.62
Router(dhcp-config)#ip dhcp pool sabnet2
Router(dhcp-config)#network 192.168.17.64 255.255.255.192
Router(dhcp-config)#default-router 192.168.17.126
Router(dhcp-config)#ip dhcp pool sabnet3
Router(dhcp-config)#network 192.168.17.128 255.255.255.224
Router(dhcp-config)#default-router 192.168.17.158
Router(dhcp-config)#ip dhcp pool sabnet17
Router(dhcp-config)#network 192.168.17.160 255.255.255.248
Router(dhcp-config)#default-router 192.168.17.166
Router(dhcp-config)#

%SYS-5-CONFIG_I: Configured from console by console

Switch(config-if)#
Switch(config-if)#switchport access vlan 2
Switch(config-if)#
Switch(config-if)#exit
Switch(config)#interface FastEthernet0/2
Switch(config-if)#
Switch(config-if)#
Switch(config-if)#
Switch(config-if)#switchport access vlan 2
Switch(config-if)#
Switch(config-if)#exit
Switch(config)#interface FastEthernet0/3
Switch(config-if)#
Switch(config-if)#
Switch(config-if)#switchport access vlan 2
Switch(config-if)#
Switch(config-if)#switchport access vlan 3
Switch(config-if)#
Switch(config-if)#exit
Switch(config)#interface FastEthernet0/4
Switch(config-if)#
Switch(config-if)#
Switch(config-if)#switchport access vlan 2
Switch(config-if)#
Switch(config-if)#
Switch(config-if)#
Switch(config-if)#switchport access vlan 3
Switch(config-if)#
Switch(config-if)#exit
Switch(config)#interface FastEthernet0/5
Switch(config-if)#
Switch(config-if)#
Switch(config-if)#switchport access vlan 3
Switch(config-if)#
Switch(config-if)#switchport access vlan 4
Switch(config-if)#
Switch(config-if)#exit
Switch(config)#interface FastEthernet0/6
Switch(config-if)#
Switch(config-if)#
Switch(config-if)#switchport access vlan 3
Switch(config-if)#
Switch(config-if)#
Switch(config-if)#switchport access vlan 4
Switch(config-if)#
Switch(config-if)#exit
Switch(config)#interface FastEthernet0/7
Switch(config-if)#
Switch(config-if)#
Switch(config-if)#switchport access vlan 4
Switch(config-if)#
Switch(config-if)#switchport access vlan 5
Switch(config-if)#
Switch(config-if)#exit
Switch(config)#interface FastEthernet0/8
Switch(config-if)#
Switch(config-if)#
Switch(config-if)#switchport access vlan 4
Switch(config-if)#
Switch(config-if)#
Switch(config-if)#switchport access vlan 5
Switch(config-if)#
Switch(config-if)#exit
Switch(config)#interface FastEthernet0/8
Switch(config-if)#
Switch(config-if)#exit
Switch(config)#interface FastEthernet0/7
Switch(config-if)#
Switch(config-if)#exit
Switch(config)#interface FastEthernet0/6
Switch(config-if)#
Switch(config-if)#exit
Switch(config)#interface FastEthernet0/5
Switch(config-if)#
Switch(config-if)#exit
Switch(config)#interface FastEthernet0/4
Switch(config-if)#
Switch(config-if)#exit
Switch(config)#interface FastEthernet0/3
Switch(config-if)#
Switch(config-if)#exit
Switch(config)#interface FastEthernet0/2
Switch(config-if)#
Switch(config-if)#exit
Switch(config)#interface FastEthernet0/2
Switch(config-if)#
Switch(config-if)#exit
Switch(config)#interface FastEthernet0/1
Switch(config-if)#
%LINK-3-UPDOWN: Interface GigabitEthernet0/1, changed state to down

%LINEPROTO-5-UPDOWN: Line protocol on Interface GigabitEthernet0/1, changed state to down

%LINK-5-CHANGED: Interface GigabitEthernet0/1, changed state to up

%LINEPROTO-5-UPDOWN: Line protocol on Interface GigabitEthernet0/1, changed state to up

Switch(config-if)#exit
Switch(config)#interface FastEthernet0/1
Switch(config-if)#
Switch(config-if)#exit
Switch(config)#
Switch(config)#
Switch(config)#interface FastEthernet0/1
Switch(config-if)#
Switch(config-if)#exit
Switch(config)#
Switch(config)#vlan 17
Switch(config-vlan)# name 17
Switch(config-vlan)#
Switch(config-vlan)#end
Switch#configure terminal
Enter configuration commands, one per line.  End with CNTL/Z.
Switch(config)#interface FastEthernet0/7
Switch(config-if)#
%SYS-5-CONFIG_I: Configured from console by console

Switch(config-if)#
Switch(config-if)#switchport access vlan 17
Switch(config-if)#
Switch(config-if)#exit
Switch(config)#interface FastEthernet0/8
Switch(config-if)#
Switch(config-if)#
Switch(config-if)#
Switch(config-if)#switchport access vlan 17
Switch(config-if)#
Switch(config-if)#exit
Switch(config)#interface FastEthernet0/9
Switch(config-if)#
Switch(config-if)#exit
Switch(config)#interface GigabitEthernet0/1
Switch(config-if)#








Switch con0 is now available






Press RETURN to get started.













Switch>enable
Switch#
Switch#configure terminal
Enter configuration commands, one per line.  End with CNTL/Z.
Switch(config)#interface FastEthernet0/10
Switch(config-if)#
Switch(config-if)#exit
Switch(config)#interface FastEthernet0/9
Switch(config-if)#
Switch(config-if)#
Switch(config-if)#switchport access vlan 17
Switch(config-if)#
Switch(config-if)#exit
Switch(config)#interface FastEthernet0/10
Switch(config-if)#
Switch(config-if)#
Switch(config-if)#switchport access vlan 17
Switch(config-if)#
Switch(config-if)#exit
Switch(config)#interface FastEthernet0/11
Switch(config-if)#
Switch(config-if)#
Switch(config-if)#switchport access vlan 17
Switch(config-if)#
%LINK-5-CHANGED: Interface FastEthernet0/9, changed state to up

%LINEPROTO-5-UPDOWN: Line protocol on Interface FastEthernet0/9, changed state to up

%LINK-5-CHANGED: Interface FastEthernet0/10, changed state to up

%LINEPROTO-5-UPDOWN: Line protocol on Interface FastEthernet0/10, changed state to up

%LINK-5-CHANGED: Interface FastEthernet0/11, changed state to up

%LINEPROTO-5-UPDOWN: Line protocol on Interface FastEthernet0/11, changed state to up



